
> social-media-os@0.1.0 build
> next build

Γû▓ Next.js 16.1.0 (Turbopack)
- Experiments (use with caution):
  ┬╖ optimizePackageImports
  ┬╖ serverActions

  Creating an optimized production build ...
Γ£ô Compiled successfully in 25.0s
  Running TypeScript ...
  Collecting page data using 7 workers ...
  Generating static pages using 7 workers (0/16) ...
node.exe : Error occurred prerendering page "/dashboard/analytics". Read more: 
https://nextjs.org/docs/messages/prerender-error
At line:1 char:1
+ & "C:\Program Files\nodejs/node.exe" "C:\Program Files\nodejs/node_mo ...
+ ~~~~~~~~~~~~~~~~~~~~~~~~~~~~~~~~~~~~~~~~~~~~~~~~~~~~~~~~~~~~~~~~~~~~~
    + CategoryInfo          : NotSpecified: (Error occurred ...prerender-error:String) [ 
   ], RemoteException
    + FullyQualifiedErrorId : NativeCommandError
 
Error: @supabase/ssr: Your project's URL and API key are required to create a Supabase 
client!

Check your Supabase project's API settings to find these values

https://supabase.com/dashboard/project/_/settings/api
    at <unknown> (https://supabase.com/dashboard/project/_/settings/api)
    at <unknown> 
(C:\Users\Public\content_creater-main\.next\server\chunks\ssr\_9313b5a8._.js:37:50226)
    at cu 
(C:\Users\Public\content_creater-main\.next\server\chunks\ssr\_9313b5a8._.js:41:4544)
    at module evaluation 
(C:\Users\Public\content_creater-main\.next\server\chunks\ssr\_9313b5a8._.js:41:4643)
    at instantiateModule (C:\Users\Public\content_creater-main\.next\server\chunks\ssr\[t
urbopack]_runtime.js:740:9)
    at getOrInstantiateModuleFromParent (C:\Users\Public\content_creater-main\.next\serve
r\chunks\ssr\[turbopack]_runtime.js:763:12)
    at Context.esmImport [as i] (C:\Users\Public\content_creater-main\.next\server\chunks
\ssr\[turbopack]_runtime.js:228:20)
    at module evaluation (C:\Users\Public\content_creater-main\.next\server\chunks\ssr\sr
c_contexts_DashboardContext_tsx_b83e6bd5._.js:1:76)
    at instantiateModule (C:\Users\Public\content_creater-main\.next\server\chunks\ssr\[t
urbopack]_runtime.js:740:9)
    at getOrInstantiateModuleFromParent (C:\Users\Public\content_creater-main\.next\serve
r\chunks\ssr\[turbopack]_runtime.js:763:12)
    at Context.esmImport [as i] (C:\Users\Public\content_creater-main\.next\server\chunks
\ssr\[turbopack]_runtime.js:228:20) {
  digest: '3051475936'
}
Export encountered an error on /dashboard/analytics/page: /dashboard/analytics, exiting 
the build.
Γ¿» Next.js build worker exited with code: 1 and signal: null
